Pool,Round,Match,TeamA,ScoreA,ScoreB,TeamB,Status
Pool A,1,1,Chen/Davis,,,Anderson/Baker,pending