Pool,Round,Match,TeamA,ScoreA,ScoreB,TeamB,Status
Pool A,1,1,Team A,,,Team B,pending