Pool,Round,Match,TeamA,ScoreA,ScoreB,TeamB,Status
Pool A,1,1,Team 01,,,Team 16,pending
Pool A,1,2,Team 02,,,Team 15,pending
Pool A,1,3,Team 03,,,Team 14,pending
Pool A,1,4,Team 04,,,Team 13,pending
Pool A,1,5,Team 05,,,Team 12,pending
Pool A,1,6,Team 06,,,Team 11,pending
Pool A,1,7,Team 07,,,Team 10,pending
Pool A,1,8,Team 08,,,Team 09,pending
Pool A,2,9,Team 01,,,Team 15,pending
Pool A,2,10,Team 16,,,Team 14,pending
Pool A,2,11,Team 02,,,Team 13,pending
Pool A,2,12,Team 03,,,Team 12,pending
Pool A,2,13,Team 04,,,Team 11,pending
Pool A,2,14,Team 05,,,Team 10,pending
Pool A,2,15,Team 06,,,Team 09,pending
Pool A,2,16,Team 07,,,Team 08,pending
Pool A,3,17,Team 01,,,Team 14,pending
Pool A,3,18,Team 15,,,Team 13,pending
Pool A,3,19,Team 16,,,Team 12,pending
Pool A,3,20,Team 02,,,Team 11,pending
Pool A,3,21,Team 03,,,Team 10,pending
Pool A,3,22,Team 04,,,Team 09,pending
Pool A,3,23,Team 05,,,Team 08,pending
Pool A,3,24,Team 06,,,Team 07,pending
Pool A,4,25,Team 01,,,Team 13,pending
Pool A,4,26,Team 14,,,Team 12,pending
Pool A,4,27,Team 15,,,Team 11,pending
Pool A,4,28,Team 16,,,Team 10,pending
Pool A,4,29,Team 02,,,Team 09,pending
Pool A,4,30,Team 03,,,Team 08,pending
Pool A,4,31,Team 04,,,Team 07,pending
Pool A,4,32,Team 05,,,Team 06,pending
Pool A,5,33,Team 01,,,Team 12,pending
Pool A,5,34,Team 13,,,Team 11,pending
Pool A,5,35,Team 14,,,Team 10,pending
Pool A,5,36,Team 15,,,Team 09,pending
Pool A,5,37,Team 16,,,Team 08,pending
Pool A,5,38,Team 02,,,Team 07,pending
Pool A,5,39,Team 03,,,Team 06,pending
Pool A,5,40,Team 04,,,Team 05,pending
Pool A,6,41,Team 01,,,Team 11,pending
Pool A,6,42,Team 12,,,Team 10,pending
Pool A,6,43,Team 13,,,Team 09,pending
Pool A,6,44,Team 14,,,Team 08,pending
Pool A,6,45,Team 15,,,Team 07,pending
Pool A,6,46,Team 16,,,Team 06,pending
Pool A,6,47,Team 02,,,Team 05,pending
Pool A,6,48,Team 03,,,Team 04,pending
Pool A,7,49,Team 01,,,Team 10,pending
Pool A,7,50,Team 11,,,Team 09,pending
Pool A,7,51,Team 12,,,Team 08,pending
Pool A,7,52,Team 13,,,Team 07,pending
Pool A,7,53,Team 14,,,Team 06,pending
Pool A,7,54,Team 15,,,Team 05,pending
Pool A,7,55,Team 16,,,Team 04,pending
Pool A,7,56,Team 02,,,Team 03,pending
Pool A,8,57,Team 01,,,Team 09,pending
Pool A,8,58,Team 10,,,Team 08,pending
Pool A,8,59,Team 11,,,Team 07,pending
Pool A,8,60,Team 12,,,Team 06,pending
Pool A,8,61,Team 13,,,Team 05,pending
Pool A,8,62,Team 14,,,Team 04,pending
Pool A,8,63,Team 15,,,Team 03,pending
Pool A,8,64,Team 16,,,Team 02,pending
Pool A,9,65,Team 01,,,Team 08,pending
Pool A,9,66,Team 09,,,Team 07,pending
Pool A,9,67,Team 10,,,Team 06,pending
Pool A,9,68,Team 11,,,Team 05,pending
Pool A,9,69,Team 12,,,Team 04,pending
Pool A,9,70,Team 13,,,Team 03,pending
Pool A,9,71,Team 14,,,Team 02,pending
Pool A,9,72,Team 15,,,Team 16,pending
Pool A,10,73,Team 01,,,Team 07,pending
Pool A,10,74,Team 08,,,Team 06,pending
Pool A,10,75,Team 09,,,Team 05,pending
Pool A,10,76,Team 10,,,Team 04,pending
Pool A,10,77,Team 11,,,Team 03,pending
Pool A,10,78,Team 12,,,Team 02,pending
Pool A,10,79,Team 13,,,Team 16,pending
Pool A,10,80,Team 14,,,Team 15,pending
Pool A,11,81,Team 01,,,Team 06,pending
Pool A,11,82,Team 07,,,Team 05,pending
Pool A,11,83,Team 08,,,Team 04,pending
Pool A,11,84,Team 09,,,Team 03,pending
Pool A,11,85,Team 10,,,Team 02,pending
Pool A,11,86,Team 11,,,Team 16,pending
Pool A,11,87,Team 12,,,Team 15,pending
Pool A,11,88,Team 13,,,Team 14,pending
Pool A,12,89,Team 01,,,Team 05,pending
Pool A,12,90,Team 06,,,Team 04,pending
Pool A,12,91,Team 07,,,Team 03,pending
Pool A,12,92,Team 08,,,Team 02,pending
Pool A,12,93,Team 09,,,Team 16,pending
Pool A,12,94,Team 10,,,Team 15,pending
Pool A,12,95,Team 11,,,Team 14,pending
Pool A,12,96,Team 12,,,Team 13,pending
Pool A,13,97,Team 01,,,Team 04,pending
Pool A,13,98,Team 05,,,Team 03,pending
Pool A,13,99,Team 06,,,Team 02,pending
Pool A,13,100,Team 07,,,Team 16,pending
Pool A,13,101,Team 08,,,Team 15,pending
Pool A,13,102,Team 09,,,Team 14,pending
Pool A,13,103,Team 10,,,Team 13,pending
Pool A,13,104,Team 11,,,Team 12,pending
Pool A,14,105,Team 01,,,Team 03,pending
Pool A,14,106,Team 04,,,Team 02,pending
Pool A,14,107,Team 05,,,Team 16,pending
Pool A,14,108,Team 06,,,Team 15,pending
Pool A,14,109,Team 07,,,Team 14,pending
Pool A,14,110,Team 08,,,Team 13,pending
Pool A,14,111,Team 09,,,Team 12,pending
Pool A,14,112,Team 10,,,Team 11,pending
Pool A,15,113,Team 01,,,Team 02,pending
Pool A,15,114,Team 03,,,Team 16,pending
Pool A,15,115,Team 04,,,Team 15,pending
Pool A,15,116,Team 05,,,Team 14,pending
Pool A,15,117,Team 06,,,Team 13,pending
Pool A,15,118,Team 07,,,Team 12,pending
Pool A,15,119,Team 08,,,Team 11,pending
Pool A,15,120,Team 09,,,Team 10,pending