{
  "teams": [
    { "name": "Team 1" },
    { "name": "Team 2" },
    { "name": "Team 3" },
    { "name": "Team 4" },
    { "name": "Team 5" },
    { "name": "Team 6" },
    { "name": "Team 7" },
    { "name": "Team 8" }
  ],
  "options": {
    "seed": 42,
    "shuffle": false,
    "poolStrategy": "respect-input"
  }
}
