{
  "teams": [
    { "name": "Team A" },
    { "name": "Team B" }
  ],
  "options": {
    "seed": 400,
    "shuffle": false,
    "poolStrategy": "respect-input"
  }
}
